AR counter_nbit behavioral C:/Users/Kevin/Desktop/Lab06/Lab06/../kjb5568_rjl5336_library/Counter_nbit.vhd sub00/vhpl05 1444714631
EN dff NULL C:/Users/Kevin/Desktop/Lab06/Lab06/../kjb5568_rjl5336_library/DFF.vhd sub00/vhpl06 1444714632
PB kjb5568_rjl5336_components kjb5568_rjl5336_components C:/Users/Kevin/Desktop/Lab06/Lab06/../kjb5568_rjl5336_library/kjb5568_rjl5336_components.vhd sub00/vhpl01 1444714650
AR debouncer behavioral C:/Users/Kevin/Desktop/Lab06/Lab06/../kjb5568_rjl5336_library/Debouncer.vhd sub00/vhpl11 1444714637
AR shiftregister_32bit behavioral C:/Users/Kevin/Desktop/Lab06/Lab06/../kjb5568_rjl5336_library/shiftregister_32bit.vhd sub00/vhpl17 1444714643
EN fsm_datapath NULL C:/Users/Kevin/Desktop/Lab06/Lab06/../kjb5568_rjl5336_library/FSM_Datapath.vhd sub00/vhpl18 1444714644
EN pulse_gen NULL C:/Users/Kevin/Desktop/Lab06/Lab06/../kjb5568_rjl5336_library/pulse_gen.vhd sub00/vhpl12 1444714638
PH kjb5568_rjl5336_components NULL C:/Users/Kevin/Desktop/Lab06/Lab06/../kjb5568_rjl5336_library/kjb5568_rjl5336_components.vhd sub00/vhpl00 1444714649
AR pulse_gen behavioral C:/Users/Kevin/Desktop/Lab06/Lab06/../kjb5568_rjl5336_library/pulse_gen.vhd sub00/vhpl13 1444714639
EN shiftregister_32bit NULL C:/Users/Kevin/Desktop/Lab06/Lab06/../kjb5568_rjl5336_library/shiftregister_32bit.vhd sub00/vhpl16 1444714642
AR oneshot behavioral C:/Users/Kevin/Desktop/Lab06/Lab06/../kjb5568_rjl5336_library/OneShot.vhd sub00/vhpl09 1444714635
AR dff behavioral C:/Users/Kevin/Desktop/Lab06/Lab06/../kjb5568_rjl5336_library/DFF.vhd sub00/vhpl07 1444714633
EN shift10 NULL C:/Users/Kevin/Desktop/Lab06/Lab06/../kjb5568_rjl5336_library/shift10.vhd sub00/vhpl14 1444714640
EN debouncer NULL C:/Users/Kevin/Desktop/Lab06/Lab06/../kjb5568_rjl5336_library/Debouncer.vhd sub00/vhpl10 1444714636
EN counter_nbit NULL C:/Users/Kevin/Desktop/Lab06/Lab06/../kjb5568_rjl5336_library/Counter_nbit.vhd sub00/vhpl04 1444714630
AR shift10 behavioral C:/Users/Kevin/Desktop/Lab06/Lab06/../kjb5568_rjl5336_library/shift10.vhd sub00/vhpl15 1444714641
AR fsm_datapath behavioral C:/Users/Kevin/Desktop/Lab06/Lab06/../kjb5568_rjl5336_library/FSM_Datapath.vhd sub00/vhpl19 1444714645
EN dff_ce NULL C:/Users/Kevin/Desktop/Lab06/Lab06/../kjb5568_rjl5336_library/DFF_enable.vhd sub00/vhpl02 1444714628
AR dff_ce behavioral C:/Users/Kevin/Desktop/Lab06/Lab06/../kjb5568_rjl5336_library/DFF_enable.vhd sub00/vhpl03 1444714629
EN oneshot NULL C:/Users/Kevin/Desktop/Lab06/Lab06/../kjb5568_rjl5336_library/OneShot.vhd sub00/vhpl08 1444714634
