V3 70
FL C:/Users/Kevin/Desktop/Lab06/Lab06/../kjb5568_rjl5336_library/Counter_nbit.vhd 2015/10/04.19:49:24 P.20131013
EN kjb5568_rjl5336_library/Counter_nbit 1444714630 \
      FL C:/Users/Kevin/Desktop/Lab06/Lab06/../kjb5568_rjl5336_library/Counter_nbit.vhd \
      PB ieee/std_logic_1164 1381692176 PB ieee/NUMERIC_STD 1381692181
AR kjb5568_rjl5336_library/Counter_nbit/Behavioral 1444714631 \
      FL C:/Users/Kevin/Desktop/Lab06/Lab06/../kjb5568_rjl5336_library/Counter_nbit.vhd \
      EN kjb5568_rjl5336_library/Counter_nbit 1444714630
FL C:/Users/Kevin/Desktop/Lab06/Lab06/../kjb5568_rjl5336_library/Debouncer.vhd 2015/10/04.19:49:24 P.20131013
EN kjb5568_rjl5336_library/Debouncer 1444714636 \
      FL C:/Users/Kevin/Desktop/Lab06/Lab06/../kjb5568_rjl5336_library/Debouncer.vhd \
      PB ieee/std_logic_1164 1381692176 LB kjb5568_rjl5336_library \
      PB kjb5568_rjl5336_library/kjb5568_rjl5336_Components 1444714650
AR kjb5568_rjl5336_library/Debouncer/Behavioral 1444714637 \
      FL C:/Users/Kevin/Desktop/Lab06/Lab06/../kjb5568_rjl5336_library/Debouncer.vhd \
      EN kjb5568_rjl5336_library/Debouncer 1444714636 CP DFF_CE
FL C:/Users/Kevin/Desktop/Lab06/Lab06/../kjb5568_rjl5336_library/DFF.vhd 2015/10/04.19:49:24 P.20131013
EN kjb5568_rjl5336_library/DFF 1444714632 \
      FL C:/Users/Kevin/Desktop/Lab06/Lab06/../kjb5568_rjl5336_library/DFF.vhd \
      PB ieee/std_logic_1164 1381692176
AR kjb5568_rjl5336_library/DFF/Behavioral 1444714633 \
      FL C:/Users/Kevin/Desktop/Lab06/Lab06/../kjb5568_rjl5336_library/DFF.vhd \
      EN kjb5568_rjl5336_library/DFF 1444714632
FL C:/Users/Kevin/Desktop/Lab06/Lab06/../kjb5568_rjl5336_library/DFF_enable.vhd 2015/10/04.19:49:24 P.20131013
EN kjb5568_rjl5336_library/DFF_CE 1444714628 \
      FL C:/Users/Kevin/Desktop/Lab06/Lab06/../kjb5568_rjl5336_library/DFF_enable.vhd \
      PB ieee/std_logic_1164 1381692176
AR kjb5568_rjl5336_library/DFF_CE/Behavioral 1444714629 \
      FL C:/Users/Kevin/Desktop/Lab06/Lab06/../kjb5568_rjl5336_library/DFF_enable.vhd \
      EN kjb5568_rjl5336_library/DFF_CE 1444714628
FL C:/Users/Kevin/Desktop/Lab06/Lab06/../kjb5568_rjl5336_library/FSM_Datapath.vhd 2015/10/13.01:25:51 P.20131013
EN kjb5568_rjl5336_library/FSM_Datapath 1444714644 \
      FL C:/Users/Kevin/Desktop/Lab06/Lab06/../kjb5568_rjl5336_library/FSM_Datapath.vhd \
      PB ieee/std_logic_1164 1381692176 PB ieee/NUMERIC_STD 1381692181 \
      LB kjb5568_rjl5336_library \
      PB kjb5568_rjl5336_library/kjb5568_rjl5336_Components 1444714650
AR kjb5568_rjl5336_library/FSM_Datapath/Behavioral 1444714645 \
      FL C:/Users/Kevin/Desktop/Lab06/Lab06/../kjb5568_rjl5336_library/FSM_Datapath.vhd \
      EN kjb5568_rjl5336_library/FSM_Datapath 1444714644 CP OneShot CP Debouncer \
      CP pulse_gen CP shift10 CP shiftregister_32bit
FL C:/Users/Kevin/Desktop/Lab06/Lab06/../kjb5568_rjl5336_library/kjb5568_rjl5336_components.vhd 2015/10/13.01:31:06 P.20131013
PH kjb5568_rjl5336_library/kjb5568_rjl5336_Components 1444714649 \
      FL C:/Users/Kevin/Desktop/Lab06/Lab06/../kjb5568_rjl5336_library/kjb5568_rjl5336_components.vhd \
      PB ieee/std_logic_1164 1381692176 CD FullAdder CD AdderSubtractor_nbit \
      CD CompareGRT CD maximum CD LST CD minimum CD Average CD mux4to1 \
      CD threeto8encoder CD hextosevenseg CD Counter_nbit CD CounterUpDown_nbit \
      CD Reg_nbit CD DFF CD DFF_CE CD counter50mhz CD counter16hz CD OneShot \
      CD Debouncer CD Shift_Register CD WordTo8dig7seg CD pulse_gen CD FSM \
      CD Pingpong_Fsm CD train_fsm CD physics_fsm CD wall_fsm CD shiftregister_32bit \
      CD shift10 CD FSM_Datapath CD KB_Read_FSM
PB kjb5568_rjl5336_library/kjb5568_rjl5336_Components 1444714650 \
      FL C:/Users/Kevin/Desktop/Lab06/Lab06/../kjb5568_rjl5336_library/kjb5568_rjl5336_components.vhd \
      PH kjb5568_rjl5336_library/kjb5568_rjl5336_Components 1444714649
FL C:/Users/Kevin/Desktop/Lab06/Lab06/../kjb5568_rjl5336_library/OneShot.vhd 2015/10/04.19:49:24 P.20131013
EN kjb5568_rjl5336_library/OneShot 1444714634 \
      FL C:/Users/Kevin/Desktop/Lab06/Lab06/../kjb5568_rjl5336_library/OneShot.vhd \
      PB ieee/std_logic_1164 1381692176 LB kjb5568_rjl5336_library \
      PB kjb5568_rjl5336_library/kjb5568_rjl5336_Components 1444714650
AR kjb5568_rjl5336_library/OneShot/Behavioral 1444714635 \
      FL C:/Users/Kevin/Desktop/Lab06/Lab06/../kjb5568_rjl5336_library/OneShot.vhd \
      EN kjb5568_rjl5336_library/OneShot 1444714634 CP DFF
FL C:/Users/Kevin/Desktop/Lab06/Lab06/../kjb5568_rjl5336_library/pulse_gen.vhd 2015/10/04.19:49:24 P.20131013
EN kjb5568_rjl5336_library/pulse_gen 1444714638 \
      FL C:/Users/Kevin/Desktop/Lab06/Lab06/../kjb5568_rjl5336_library/pulse_gen.vhd \
      PB ieee/std_logic_1164 1381692176 PB ieee/NUMERIC_STD 1381692181 \
      LB kjb5568_rjl5336_library \
      PB kjb5568_rjl5336_library/kjb5568_rjl5336_Components 1444714650
AR kjb5568_rjl5336_library/pulse_gen/Behavioral 1444714639 \
      FL C:/Users/Kevin/Desktop/Lab06/Lab06/../kjb5568_rjl5336_library/pulse_gen.vhd \
      EN kjb5568_rjl5336_library/pulse_gen 1444714638 CP counter_nbit
FL C:/Users/Kevin/Desktop/Lab06/Lab06/../kjb5568_rjl5336_library/shift10.vhd 2015/10/13.01:26:26 P.20131013
EN kjb5568_rjl5336_library/shift10 1444714640 \
      FL C:/Users/Kevin/Desktop/Lab06/Lab06/../kjb5568_rjl5336_library/shift10.vhd \
      PB ieee/std_logic_1164 1381692176 LB kjb5568_rjl5336_library \
      PB kjb5568_rjl5336_library/kjb5568_rjl5336_Components 1444714650
AR kjb5568_rjl5336_library/shift10/Behavioral 1444714641 \
      FL C:/Users/Kevin/Desktop/Lab06/Lab06/../kjb5568_rjl5336_library/shift10.vhd \
      EN kjb5568_rjl5336_library/shift10 1444714640 CP DFF_CE
FL C:/Users/Kevin/Desktop/Lab06/Lab06/../kjb5568_rjl5336_library/shiftregister_32bit.vhd 2015/10/13.01:00:35 P.20131013
EN kjb5568_rjl5336_library/shiftregister_32bit 1444714642 \
      FL C:/Users/Kevin/Desktop/Lab06/Lab06/../kjb5568_rjl5336_library/shiftregister_32bit.vhd \
      PB ieee/std_logic_1164 1381692176 PB ieee/NUMERIC_STD 1381692181
AR kjb5568_rjl5336_library/shiftregister_32bit/Behavioral 1444714643 \
      FL C:/Users/Kevin/Desktop/Lab06/Lab06/../kjb5568_rjl5336_library/shiftregister_32bit.vhd \
      EN kjb5568_rjl5336_library/shiftregister_32bit 1444714642
